// Jest Snapshot v1, https://goo.gl/fbAQLP

exports[`matches snapshot 1`] = `
<DocumentFragment>
  <div>
    <form>
      <label
        for="todo"
      >
        Todo 
      </label>
      <input
        id="todo"
        name="todo"
        placeholder="I need to do ..."
        type="text"
        value=""
      />
      <button>
        Submit
      </button>
    </form>
  </div>
</DocumentFragment>
`;
