// Jest Snapshot v1, https://goo.gl/fbAQLP

exports[`matches snapshot 1`] = `
<DocumentFragment>
  <div>
    <h2>
      Things need to be done!
    </h2>
    <div>
      <form>
        <label
          for="todo"
        >
          Todo 
        </label>
        <input
          id="todo"
          name="todo"
          placeholder="I need to do ..."
          type="text"
          value=""
        />
        <button>
          Submit
        </button>
      </form>
    </div>
    <ul />
  </div>
</DocumentFragment>
`;
